
> frontend@0.1.0 build
> react-scripts build

Creating an optimized production build...
Compiled with warnings.

[eslint] 
src\pages\Accounts.js
  Line 7:3:  'MdVisibility' is defined but never used  no-unused-vars

src\pages\ChangePassword.js
  Line 3:3:  'MdPassword' is defined but never used  no-unused-vars

src\pages\Dashboard.js
  Line 66:10:  'loading' is assigned a value but never used                                                              no-unused-vars
  Line 104:6:  React Hook useEffect has a missing dependency: 'stats'. Either include it or remove the dependency array  react-hooks/exhaustive-deps

src\pages\ForgotPassword.js
  Line 5:3:  'MdCheckCircle' is defined but never used  no-unused-vars

src\pages\Purchase.js
  Line 13:7:  'initOrders' is assigned a value but never used  no-unused-vars

src\pages\Reports.js
  Line 2:34:  'MdSearch' is defined but never used     no-unused-vars
  Line 2:44:  'MdFilterAlt' is defined but never used  no-unused-vars

src\pages\Sales.js
  Line 6:7:  'initCustomers' is assigned a value but never used  no-unused-vars

src\pages\Settings.js
  Line 3:3:   'MdNotifications' is defined but never used        no-unused-vars
  Line 4:3:   'MdPalette' is defined but never used              no-unused-vars
  Line 5:3:   'MdSecurity' is defined but never used             no-unused-vars
  Line 7:3:   'MdMonitor' is defined but never used              no-unused-vars
  Line 40:9:  'handleChange' is assigned a value but never used  no-unused-vars

src\pages\SpareParts.js
  Line 12:7:  'initData' is assigned a value but never used  no-unused-vars

src\pages\Warehouse.js
  Line 6:7:  'initWarehouses' is assigned a value but never used  no-unused-vars

Search for the keywords to learn more about each warning.
To ignore, add // eslint-disable-next-line to the line before.

File sizes after gzip:

  114.15 kB  build\static\js\main.c356f577.js
  38.8 kB    build\static\css\main.6a23b14f.css
  1.76 kB    build\static\js\453.20359781.chunk.js

The project was built assuming it is hosted at /.
You can control this with the homepage field in your package.json.

The build folder is ready to be deployed.
You may serve it with a static server:

  npm install -g serve
  serve -s build

Find out more about deployment here:

  https://cra.link/deployment

